// Jest Snapshot v1, https://goo.gl/fbAQLP

exports[`renders correctly 1`] = `
<TextInput
  allowFontScaling={true}
  onChangeText={[Function]}
  placeholder=""
  rejectResponderTermination={true}
  style={
    Object {
      "borderColor": "#5c626b",
      "borderRadius": 10,
      "borderWidth": 2,
      "height": 40,
      "marginLeft": 30,
      "marginRight": 30,
      "marginTop": 10,
      "paddingLeft": 15,
    }
  }
  underlineColorAndroid="transparent"
  value=""
/>
`;
